// Jest Snapshot v1, https://goo.gl/fbAQLP

exports[`matches snapshot 1`] = `
<button
  className=" google-sign-in custom-button"
  data-testid="customButton-1"
>
  Sign in with Google
</button>
`;
